Arpita Gadyal@LAPTOP-PDKUVLOI MINGW64 ~/Desktop/temp
$ git status
fatal: not a git repository (or any of the parent directories): .git

Arpita Gadyal@LAPTOP-PDKUVLOI MINGW64 ~/Desktop/temp
$ git init
Initialized empty Git repository in C:/Users/Arpita Gadyal/Desktop/temp/.git/

Arpita Gadyal@LAPTOP-PDKUVLOI MINGW64 ~/Desktop/temp (master)
$ git status
On branch master

No commits yet

Untracked files:
  (use "git add <file>..." to include in what will be committed)
        file1.txt

nothing added to commit but untracked files present (use "git add" to track)

Arpita Gadyal@LAPTOP-PDKUVLOI MINGW64 ~/Desktop/temp (master)
$ git add .

Arpita Gadyal@LAPTOP-PDKUVLOI MINGW64 ~/Desktop/temp (master)
$ git commit -m "first commit"
[master (root-commit) 8d69bf0] first commit
 1 file changed, 1 insertion(+)
 create mode 100644 file1.txt

Arpita Gadyal@LAPTOP-PDKUVLOI MINGW64 ~/Desktop/temp (master)
$ git remote add origin https://github.com/sudheer436/demo.git

Arpita Gadyal@LAPTOP-PDKUVLOI MINGW64 ~/Desktop/temp (master)
$ git remote -v
origin  https://github.com/sudheer436/demo.git (fetch)
origin  https://github.com/sudheer436/demo.git (push)

Arpita Gadyal@LAPTOP-PDKUVLOI MINGW64 ~/Desktop/temp (master)
$ git push origin master
Enumerating objects: 3, done.
Counting objects: 100% (3/3), done.
Writing objects: 100% (3/3), 222 bytes | 222.00 KiB/s, done.
Total 3 (delta 0), reused 0 (delta 0), pack-reused 0
To https://github.com/sudheer436/demo.git
 * [new branch]      master -> master

Arpita Gadyal@LAPTOP-PDKUVLOI MINGW64 ~/Desktop/temp (master)
$

Arpita Gadyal@LAPTOP-PDKUVLOI MINGW64 ~/Desktop/temp (master)
$
